// Jest Snapshot v1, https://goo.gl/fbAQLP

exports[`Share > Pinterest url 1`] = `"https://pinterest.com/pin/create/button?url=https%3A%2F%2Fdemo.frontity.com%2Fthe-beauties-of-gullfoss&media=https%3A%2F%2Fdemo.frontity.com%2Fwp-content%2Fuploads%2F2016%2F11%2FIceland-test-1200x726.jpg&description=Gullfoss%20is%20a%20waterfall%20located%20in%20the%20canyon%20of%20the%20Hv%C3%ADt%C3%A1%20river%20in%20southwest%20Iceland."`;
