// Jest Snapshot v1, https://goo.gl/fbAQLP

exports[`Share > Telegram url - all parameters 1`] = `"https://telegram.me/share?url=https%3A%2F%2Fdemo.frontity.com%2Fthe-beauties-of-gullfoss&text=The%20Beauties%20of%20Gullfoss"`;

exports[`Share > Telegram url - required parameters 1`] = `"https://telegram.me/share?url=https%3A%2F%2Fdemo.frontity.com%2Fthe-beauties-of-gullfoss"`;
